[    0.000000] Linux verson4.15.0-99-generic (buildd@lcy01-amd64-013) (gcc version 7.5.0 (Ubuntu 7.5.0-3ubuntu1~18.04)) #100-Ubuntu SMP Wed Apr 22 20:32:56 UTC 2020 (Ubuntu 4.15.0-99.100-generic 4.15.18)
[    0.000000] Command line: BOOT_IMAGE=/boot/vmlinuz-4.15.0-99-generic root=LABEL=cloudimg-rootfs ro console=tty1 console=ttyS0
[    0.000000] KERNEL supprted cpus:
[   0.00000]   Intel GenuineIntel
[    0.000000]   AMD AuthenticAMD
[    0.000000]   Centaur CentaurHauls
[    0.000000] x86/fpu: Supporting XSAVE feature 0x001: 'x87 floating point registers'
[    0.000000] x86/fpu: Supporting XSAVE feature 0x002: 'SSE registers'
[    0.000000 x86/fpu:Supporting XSAVE fature 0x004: 'AVX registers'
[    0.000000] x86/pu: xstate_offset[2]:  576, xstate_sizes[2]:  256
[    0.000000] x86/fpu: Enabled xstate features 0x7, context size is 832 bytes, using 'standard' format.
[    0.000000] e820: BIOS-provided physical RAM map:
[    0.000000] BIOS-e820: [mem 0x0000000000000000-0x000000000009fbff] usable
[    0.000000] BIOS-e820: [mem 0x000000000009fc00-0x000000000009ffff] reserv
[    0.000000] BIOS-e820: [mem 0x00000000000f0000-0x00000000000fffff] reserved
[    0.000000] BIOS-e820: [mem 0x0000000000100000-0x000000003ffeffff] usable
[    0.000000] BIOS-e820: [mem 0x000000003fff0000-0x000000003fffffff] ACPI data
[    0.000000] BIOS-e820: [mem 0x00000000fec00000-0x00000000fec00fff] reserved
[    0.000000] BIS-e820: [mem 0x00000000ee00000-0x00000000fee00fff] reserved
[    0.000000] BIOS-e820: [mem 0x00000000fffc0000-0x00000000ffffffff] reserved
[    0.000000] NX (Execute Disable) protection: active
[    0.000000] SMBIOS 2.5 present.
[    0.000000] DMI: innotek GmbH VirtualBox/VirtualBox, BIOS VirtualBox 12/01/2006
[    0.000000] Hypervisor detected: KVM
[    0.000000] e820: last_pfn = 0x3fff0 max_arch_pfn = 0x400000000
[    0.000000] MTRR: Disabled
[    0.000000] x86/PAT: MTRRs disabled, spping PAT initialization too.
[    0.000000] CPU MTRRs all blank - virtualized system.
[    0.000000] x86/PAT: Configuration [0-7]: WB  WT  UC- UC  WB  WT  UC- UC  
[    0.000000] found SMP MP-table at [mem 0x0009fff0-0x0009ffff]
[    0.000000] Scanning 1 areas for low memory corruption
[    0.000000] RAMDISK: [mem 0x35a6b000-0x36d2cfff]
[    0.0000] API:Early table checksum verification disabled
[    0.000000] ACPI: RSDP 0x00000000000E0000 000024 (v02 VBOX  )
[    0.000000] ACPI: XSDT 0x000000003FFF0030 00003C (v01 VBOX   VBOXXSDT 00000001 ASL  00000061)
[    0.000000] ACPI: FACP 0x000000003FFF00F0 0000F4 (v04 VBOX   VBOXFACP 00000001 ASL  00000061)
[    0.000000] ACPI: DSDT 0x000000003FFF0470 0021FF (v02 VBOX   VBOXBIOS 00000002 INTL 20180105)
[    0.000000] ACPI: FACS 0x000000003FFF0200 000040
[    0.000000] ACPI: FACS 0x000000003FFF0200 00004
[    0.000000] ACPI: AC 0x000000003FFF0240 00005C (v02 VBOX   VBOXAPIC 00000001 ASL  00000061)
[    0.000000] ACPI: SSDT 0x000000003FFF02A0 0001CC (v01 VBOX   VBOXCPUT 00000002 INTL 20180105)
[    0.000000] No NUMA configuration found
[    0.000000] Faking a node at [mem 0x0000000000000000-0x000000003ffeffff
[    0.000000] NODE_DATA(0) allocated [mem 0x3ffc5000-0x3ffeffff]
[    0.000000] kvm-clock: cpu 0, msr 0:3ff44001, imary cp cock
[    0.000000] kvm-clock: Using msrs 4b564d01 and 4b564d00
[    0.000000] kvm-clock: using sched offset of 3418376947 cycles
[    0.000000] clocksource: kvm-clock: mask: 0xffffffffffffffff max_cycles: 0x1cd42e4dffb, max_idle_ns: 881590591483 ns
[    0.000000] Zone ranges:
[    0.000000]   DMA      [mem 0x0000000000001000-0x0000000000ffffff]
[    0.000000]   DMA32    [mem 0x0000000001000000-0x000000003ffeffff]
[    0.000000]   Normal   empty
[    0.000000]   Device   empty
[    0.000000] Movable zone start for each node
[    0.000000] Early memory node ranges
[    0.000000]   node   0: [mem 0x0000000000001000-0x000000000009efff]
[    0.000000]   node   0: [mem 0x0000000000100000-0x000000003ffeffff]
[    0.000000] Reserved but unavailable: 98 pages
[    0.000000] Initmem setup node 0 [mem 0x0000000000001000-0x000000003ffeffff]
[    0.000000] ACPI: PM-Timer IO Port: 0x4008
[    0.000000] IOAPIC[0]: apic_id 2, version 32, address 0xfec00000, GSI 0-23
[    0.000000] ACPI: INT_SRC_OVR (bus 0 bus_irq 0 global_irq 2 dfl dfl)
[    0.000000] ACPI: INT_SRC_OVR (bus 0 bus_irq 9 global_irq 9 low level)
[    0.000000] Using ACPI (MADT) for SMP configuration information
[    0.000000] smpboot: Allowing 2 CPUs, hotplug CPUs
[    0.000000] PM: Registered nosave memory: [mem 0x00000000-0x00000fff]
[    0.000000] PM: Registered nosave memory: [mem 0x0009f000-0x0009ffff]
[    0.000000] PM: Registered nosave memory: [mem 0x000a0000-0x000effff]
[    0.000000] PM: Registered nosave memory: [mem 0x000f0000-0x000fffff]
[    0.000000] e820: [mem 0x40000000-0xfebfffff] available for PCI devices
[    0.000000] Booting paravirtualized kernel on KVM
[    0.000000] clocksource: refined-jiffies: mask: 0xffffffff max_cycles: 0xffffffff, max_idle_ns: 7645519600211568 ns
[    0.000000] random: get_random_bytes called from strtkernel+0x99/0x4fd with crng_init=0
[    0.000000] setup_percpu: NR_CPUS:8192 nr_cpumask_bits:2 nr_cpu_ids:2 nr_node_ids:1
[    0.000000] percpu: Embedde 45 pages/cpu s47456 r8192 d28672 u1048576
[    0.000000] PV qspinlock hash table entries: 256 (order: 0, 4096 bytes)
[    0.000000] Built 1 zonelists, mobility grouping on.  Total pages: 257913
[    0.000000] Policy zone: DMA32
[    0.000000] Kernel command line: BOOT_IMAGE=/boot/vmlinuz-4.15.0-99-generic root=LABEL=cloudimg-rootfs ro console=tty1 console=ttyS0
[    0.000000] Memory: 983060K/1048120K available (12300K kernel code, 2481K rwdata, 4268K rodata 242K init, 2712K bss, 65060K reserved, 0K cma-reserved)
[    0.000000] SLUB: HWaign=64, Order=0-3, MinObjcts=0, CPUs=2, Node1
[    0.000000] Kernel/User page tables isolation: enabled
[    0.000000] ftrace: allocating 39364 entries in 154 pages
[    0.004000] Hierarchical RCU implementation.
[    0.004000] 	RCU restricting CPUs from NR_CPUS=8192 to nr_cpu_ids=2.
[    0.004000] 	Tasks RCU enabled.
[    0.004000] RCU: Adjusting geometry for rcu_fanout_leaf=16, nr_cpu_ids=2
[    0.004000] NR_IRQS: 524544, n_irqs: 440, preallocated irqs: 16
[    0.004000] Console: colour VGA+ 80x25
[    0.004000] console tty1] enabled
[    0.0040000] console [ttyS0] enaed
[    0.004000] ACPI: Core revision 20170831
[    0.004000] ACPI: 2 ACPI AML tables successfully acquired and loaded
[    0.004000] APIC: Swith to symmetric I/O mode setup
[    0.004229] x2apic enabled
[    0.08005] Switched APIC routing to physical x2apic.
[    0.013167] ..TIMER: vector=0x30 apic1=0 pin1=2 apic2=-1 pin2=-1
[    0.016005] tsc: Detected 2903.998 MHz processor
[    0.020013] Calibrating delay loop (skipped) preset value.. 5807.99 BogoMIPS (lpj=11615992)
[    0.024007] pid_max: default: 32768 minimum: 301
[    0.028038] Security Framework initialized
[    0.032007] Yama: becoming mindful.
[    0.036043] AppArmor: AppArmor initialized
[    0.044055] Dentry cache hash table entries: 131072 (order: 8, 1048576 bytes)
[    0.048069] Inode-cache hash table entries: 65536 (order: 7, 524288 bytes)
[    0.052022] Mount-cache hash table entries: 2048 (order: 2, 16384 bytes)
[    0.056014] Mountpoint-cache hash table entries: 2048 (order: 2, 16384 bytes)
[    0.060289] Last level iTLB entries: 4KB 64, 2MB 8, 4MB 8
[    0.064007] Last level dTLB entries: 4KB 64, 2MB 0, 4MB 0, 1GB 4
[    0.068006] Spectre V1 : Mitigation: usercopy/swapgs barriers and __user pointer sanitization
[    0.072006] Spectre V2 : Mitigation: Full generic retpoline
[    0.076004] Spectre V2 : Spectre v2 / SpectreRSB mitigation: Filling RSB on context switch
[    0.080004] Speculative Store Bypass: Vulnerable
[    0.084045] MDS: Mitigation: Clear CPU buffers
[    0.088154] Freeing SMP alternatives memory: 36K
[    0.203821] smpboot: CPU0: Intel(R) Core(TM) i7-7500U CPU @ 2.70GHz (family: 0x6, model: 0x8e, stepping: 0x9)
[    0.204084] Performance Events: unsupported p6 CPU model 142 no PMU driver, software events only.
[    0.208061] Hierarchical SRCU implementation.
[    0.212541] NMI watchdog: Perf event create on CPU 0 failed with -2
[    0.216013] NMI watchdog: Perf NMI watchdog permanently disabled
[    0.220081] smp: Bringing up secondary CPUs ...
[    0.224106] x86: Booting SMP configuration:
[    0.228006] .... node  #0, CPUs:      #1
[    0.004000] kvm-clock: cpu 1, msr 0:3ff44041, secondary cpu clock
[    0.286813] smp: Brought up 1 node, 2 CPUs
[    0.288010] smpboot: Max logical packages: 1
[    0.292008] smpboot: Total of 2 processors activated (11615.99 BogoMIPS)
[    0.296159] devtmpfs: initialized
[    0.300054] x86/mm: Memory block size: 128MB
[    0.302480] evm: security.selinux
[    0.304007] evm: security.SMACK64
[    0.308006] evm: security.SMACK64EXEC
[    0.309896] evm: security.SMACK64TRANSMUTE
[    0.312007] evm: security.SMACK64MMAP
[    0.316005] evm: security.apparmor
[    0.320004] evm: security.ima
[    0.324005] evm: security.capability
[    0.328100] clocksource: jiffies: mask: 0xffffffff max_cycles: 0xffffffff, max_idle_ns: 7645041785100000 ns
[    0.332026] futex hash table entries: 512 (order: 3, 32768 bytes)
[    0.336517] pinctrl core: initialized pinctrl subsystem
[    0.340128] RTC time:  9:24:05, date: 05/07/20
[    0.344158] NET: Registered protocol family 16
[    0.348091] audit: initializing netlink subsys (disabled)
[    0.352053] audit: type=2000 audit(1588843448.067:1): state=initialized audit_enabled=0 res=1
[    0.368014] cpuidle: using governor ladder
[    0.372011] cpuidle: using governor menu
[    0.374196] ACPI: bus type PCI registered
[    0.376006] acpiphp: ACPI Hot Plug PCI Controller Driver version: 0.5
[    0.380101] PCI: Using configuration type 1 for base access
[    0.385043] HugeTLB registered 2.00 MiB page size, pre-allocated 0 pages
[    0.388120] ACPI: Added _OSI(Module Device)
[    0.392007] ACPI: Added _OSI(Processor Device)
[    0.394349] ACPI: Added _OSI(3.0 _SCP Extensions)
[    0.396004] ACPI: Added _OSI(Processor Aggregator Device)
[    0.400006] ACPI: Added _OSI(Linux-Dell-Video)
[    0.403786] ACPI: Added _OSI(Linux-Lenovo-NV-HDMI-Audio)
[    0.404008] ACPI: Added _OSI(Linux-HPI-Hybrid-Graphics)
[    0.408083] ACPI: Executed 1 blocks of module-level executable AML code
[    0.414514] ACPI: Interpreter enabled
[    0.416028] ACPI: (supports S0 S5)
[    0.417979] ACPI: Using IOAPIC for interrupt routing
[    0.420220] PCI: Using host bridge windows from ACPI; if necessary, use "pci=nocrs" and report a bug
[    0.424155] ACPI: Enabled 2 GPEs in block 00 to 07
[    0.433333] ACPI: PCI Root Bridge [PCI0] (domain 0000 [bus 00-ff])
[    0.436016] acpi PNP0A03:00: _OSC: OS supports [ASPM ClockPM Segments MSI]
[    0.440048] acpi PNP0A03:00: _OSC: not requesting OS control; OS requires [ExtendedConfig ASPM ClockPM MSI]
[    0.444024] acpi PNP0A03:00: fail to add MMCONFIG information, can't access extended PCI configuration space under this bridge.
[    0.448442] PCI host bridge to bus 0000:00
[    0.452010] pci_bus 0000:00: root bus resource [io  0x0000-0x0cf7 window]
[    0.456008] pci_bus 0000:00: root bus resource [io  0x0d00-0xffff window]
[    0.460009] pci_bus 0000:00: root bus resource [mem 0x000a0000-0x000bffff window]
[    0.464009] pci_bus 0000:00: root bus resource [mem 0x40000000-0xfdffffff window]
[    0.468009] pci_bus 0000:00: root bus resource [bus 00-ff]
[    0.473535] pci 0000:00:01.1: legacy IDE quirk: reg 0x10: [io  0x01f0-0x01f7]
[    0.476009] pci 0000:00:01.1: legacy IDE quirk: reg 0x14: [io  0x03f6]
[    0.480009] pci 0000:00:01.1: legacy IDE quirk: reg 0x18: [io  0x0170-0x0177]
[    0.484006] pci 0000:00:01.1: legacy IDE quirk: reg 0x1c: [io  0x0376]
[    0.503657] pci 0000:00:07.0: quirk: [io  0x4000-0x403f] claimed by PIIX4 ACPI
[    0.504033] pci 0000:00:07.0: quirk: [io  0x4100-0x410f] claimed by PIIX4 SMB
[    0.517496] ACPI: PCI Interrupt Link [LNKA] (IRQs 5 9 10 *11)
[    0.520318] ACPI: PCI Interrupt Link [LNKB] (IRQs 5 9 *10 11)
[    0.524155] ACPI: PCI Interrupt Link [LNKC] (IRQs 5 *9 10 11)
[    0.528181] ACPI: PCI Interrupt Link [LNKD] (IRQs 5 9 10 *11)
[    0.532491] SCSI subsystem initialized
[    0.534703] pci 0000:00:02.0: vgaarb: setting as boot VGA device
[    0.536000] pci 0000:00:02.0: vgaarb: VGA device added: decodes=io+mem,owns=io+mem,locks=none
[    0.536044] pci 0000:00:02.0: vgaarb: bridge control possible
[    0.540007] vgaarb: loaded
[    0.541674] ACPI: bus type USB registered
[    0.544034] usbcore: registered new interface driver usbfs
[    0.548031] usbcore: registered new interface driver hub
[    0.552034] usbcore: registered new device driver usb
[    0.557590] EDAC MC: Ver: 3.0.0
[    0.560182] PCI: Using ACPI for IRQ routing
[    0.562431] NetLabel: Initializing
[    0.564005] NetLabel:  domain hash size = 128
[    0.566313] NetLabel:  protocols = UNLABELED CIPSOv4 CALIPSO
[    0.568026] NetLabel:  unlabeled traffic allowed by default
[    0.572089] clocksource: Switched to clocksource kvm-clock
[    0.586488] VFS: Disk quotas dquot_6.6.0
[    0.603785] VFS: Dquot-cache hash table entries: 512 (order, 4096 bytes)
[    0.659980] AppArmor: AppArmor Filesystem Enabled
[    0.662578] pnp: PnP ACPI init
[    0.664961] pnp: PnP ACPI: found 3 devices
[    0.675930 clocksource: acpi_pm: mask: 0xffffff max_cycles: 0xffffff, max_idle_ns: 2085701024 ns
[    0.701658] NET: Reistered protocol family 2

[    0.725299] TCP established hash table entries: 8192 (order: 4, 65536 bytes)
[    0.734845] TCP bind hash table entries: 8192 (order: 5, 131072 bytes)
[   0380]CP:Ha talecoigedesblhed 8192 bind 8192)
[    1.233204] UDP hash table entries: 512 (order: 2, 16384 bytes)
[    1.236680] UDP-Lite hash table entries: 512 (order: 2, 16384 bytes)
[    1.240389] NET: Registered protocol family 1
[    1.242676] pci 0000:00:00.0: Limiting direct PCI/PCI transfers
[    1.246272] pc00:0:01.0: Actvatg A DMA hang workarounds
[    1.466542] pci 0000:00:02.0: Video dicwi sdoed ROM at [mem 0x000c0000-0x000dffff]
[  1.660164] Unpacking initramfs...

[    1.947790] Freeing initrd memory: 19208K
[    1.951269] clocksource: tsc: mask: 0xffffffffffffffff max_cycles: 0x29dc03c1beb, max_idle_ns: 440795205215 ns
[    1.962849] platform rtc_cmos: registered platform RTC device (no PNP device found)
[    1.983553] Scanning for low memory corruption every 60 seconds
[    1.988558] Initialise system trusted keyrings
[    2.000046] Key type blacklist registered
[    2.014363] workingset: timestamp_bits=36 max_order=18 bucket_order=0
[    2.027742] zbud: loaded
[    2.035059] squashfs: version 4.0 (2009/01/31) Phillip Lougher
[    2.038604] fuse init (API version 7.26)
[    2.044722] Key type asymmetric registered
[    2.056028] Asymmetric key parser 'x509' registered
[    2.058323] Block layer SCSI generic (bsg) driver version 0.4 loaded (major 246)
[    2.078851] io scheduler noop registered
[    2.086243] io scheduler deadline registered
[    2.098915] io scheduler cfq registered (default)
[    2.101820] ACPI: AC Adapter [AC] (on-line)
[    2.104258] input: Power Button as /devices/LNXSYSTM:00/LNXPWRBN:00/input/input0
[    2.128412] ACPI: Power Button [PWRF]
[    2.141684] input: Sleep Button as /devices/LNXSYSTM:00/LNXSLPBN:00/input/input1
[    2.158006] ACPI: Sleep Button [SLPF]
[    2.169281] ACPI: Battery Slot [BAT0] (battery present)
[    2.174814] Serial: 8250/16550 driver, 32 ports, IRQ sharing enabled
[    2.225181] 00:02: ttyS0 at I/O 0x3f8 (irq = 4, base_baud = 115200) is a 16550A
[    2.232857] Linux agpgart interface v0.103
[    2.239066] loop: module loaded
[    2.241290] scsi host0: ata_piix
[    2.252771] scsi host1: ata_piix
[    2.254805] ata1: PATA max UDMA/33 cmd 0x1f0 ctl 0x3f6 bmdma 0xd000 irq 14
[    2.258685] ata2: PATA max UDMA/33 cmd 0x170 ctl 0x376 bmdma 0xd008 irq 15
[    2.263023] libphy: Fixed MDIO Bus: probed
[    2.265400] tun: Universal TUN/TAP device driver, 1.

[    2.315391] PPP generic driver version 2.4.2
[    2.321856] ehci_hcd: USB 2.0 'Enhanced' Host Controller (EHCI) Driver
[    2.325355] ehci-pci: EHCI PCI platform driver
[    2.327784] ehci-platform: EHCI generic platform driver
[    2.330815] ohci_hcd: USB 1.1 'Open' Host Controller (OHCI) Driver
[    2.350148] ohci-pci: OHCI PCI platform driver
[    2.368902] ohci-platform: OHCI generic platform driver
[    2.381990] uhci_hcd: USB Universal Host Controller Interface driver
[    2.393857] i8042: PNP: PS/2 Controller [PNP0303:PS2K,PNP0f03:PS2M] at 0x60,0x64 irq 1,12
[    2.409159] serio: i8042 KBD port at 0x60,0x64 irq 1
[    2.432352] serio: i8042 AUX port at 0x60,0x64 irq 12
[    2.439359] mousedev: PS/2 mouse device common for all mice
[    2.466437] input: AT Translated Set 2 keyboard as /devices/platform/i8042/serio0/input/input2
[    2.472135] rtc_cmos rtc_cmos: rtc core: registered rtc_cmos as rtc0
[    2.503765] rtc_cmos rtc_cmos: alarms up to one day, 114 bytes nvram
[    2.510270] i2c /dev entries driver
[    2.512249] device-mapper: uevent: version 1.0.3
[    2.542889] device-mapper: ioctl: 4.37.0-ioctl (2017-09-20) initialised: dm-devel@redhat.com
[    2.553758] ledtrig-cpu: registered to indicate activity on CPUs
[    2.556765] NET: Registered protocol family 10
[    2.575476] Segment Routing with IPv6
[    2.603854] NET: Registered protocol family 17
[    2.611463] Key type dns_resolver registered
[    2.622881] mce: Using 0 MCE banks
[    2.624775] RAS: Correctable Errors collector initialized.
[    2.627671] sched_clock: Marking stable (2624742479, 0)->(5538540344, -2913797865)
[    2.633881] registered taskstats version 1
[    2.667414] Loading compiled-in X.509 certificates
[    2.732712] Loaded X.509 cert 'Build time autogenerated kernel key: 7480108fe56bba9284001dfb9078560125be4684'
[    2.746861] zswap: loaded using pool lzo/zbud
[    2.752927] Key type big_key registered
[    2.754941] Key type trusted registered
[    2.767149] Key type encrypted registered
[    2.782800] AppArmor: AppArmor sha1 policy hashing enabled
[    2.962891] ima: No TPM chip found, activating TPM-bypass! (rc=-19)
[    2.972690] ima: Allocated hash algorithm: sha1
[    3.012242] evm: HMAC attrs: 0x1
[    3.023967]   Magic number: 4:845:423
[    3.026247] rtc_cmos ttc_cmos: setting system clock to 2020-05-07 09:24:08 UTC (1588843448)
[    3.071103] BIOS EDD facility v0.16 2004-Jun-25, 0 devices found
[    3.097108] EDD information not available.
[    3.105065] Freeing unused kernel image memory: 2432K
[    3.132181] Write protecting the kernel read-only data: 20480k
[    3.162007] Freeing unused kernel image memory: 2008K
[    3.230074] Freeing unused kernel image memory: 1876K
[    3.239413] x86/mm: Checked W+X mappings: passed, no W+X pages found.
[    3.263671] x86/mm: Checking user space page tables
[    3.273400] x86/mm: Checked W+X mappings: passed, no W+X pages found.
Loading, please wait...
starting version 237
[    3.439987] Fusion MPT base driver 3.04.20
[    3.468662] Copyright (c) 1999-2008 LSI Corporation
[    3.520672] e1000: Intel(R) PRO/1000 Network Driver - version 7.3.21-k8-NAPI
[    3.543921] e1000: Copyright (c) 1999-2006 Intel Corporation.
[    3.558772] AVX2 version of gcm_enc/dec engaged.
[    3.573405] AES CTR mode by8 optimization enabled
[    3.584907] Fusion MPT SPI Host driver 3.04.20
[    3.754432] input: ImExPS/2 Generic Explorer Mouse as /devices/platform/i8042/serio1/input/input4
[    3.933711] e1000 0000:00:03.0 eth0: (PCI:33MHz:32-bit) 02:2b:21:86:a5:be
[    3.947643] e1000 0000:00:03.0 eth0: Intel(R) PRO/1000 Network Connection
[    3.952182] mptbase: ioc0: Initiating bringup
[    3.959010] e1000 0000:00:03.0 enp0s3: renamed from eth0
[    4.302870] ioc0: LSI53C1030 A0: Capabilities={Initiator}
[    4.975401] scsi host2: ioc0: LSI53C1030 A0, FwRev=00000000h, Ports=1, MaxQ=256, IRQ=20
[    5.652710] scsi 2:0:0:0: Direct-Access     VBOX     HARDDISK         1.0  PQ: 0 ANSI: 5
[    5.728037] scsi target2:0:0: Beginning Domain Validation
[    5.745553] scsi target2:0:0: Domain Validation skipping write tests
[    5.752975] scsi target2:0:0: Ending Domain Validation
[    5.763027] scsi target2:0:0: asynchronous
[    5.793770] scsi 2:0:1:0: Direct-Access     VBOX     HARDDISK         1.0  PQ: 0 ANSI: 5
[    5.836134] scsi target2:0:1: Beginning Domain Validation
[    5.855236] random: fast init done
[    5.864265] scsi target2:0:1: Domain Validation skipping write tests
[    5.867607] scsi target2:0:1: Ending Domain Validation
[    5.870421] scsi target2:0:1: asynchronous
[    5.875814] random: systemd-udevd: uninitialized urandom read (16 bytes read)
[    5.875897] sd 2:0:0:0: Attached scsi generic sg0 type 0
[    5.880347] random: systemd-udevd: uninitialized urandom read (16 bytes read)
[    5.885907] sd 2:0:1:0: Attached scsi generic sg1 type 0
[    5.933862] random: systemd-udevd: uninitialized urandom read (16 bytes read)
[    5.975307] sd 2:0:0:0: [sda] 20971520 512-byte logical blocks: (10.7 GB/10.0 GiB)
[    5.981911] sd 2:0:1:0: [sdb] 20480 512-byte logical blocks: (10.5 MB/10.0 MiB)
[    6.019556] sd 2:0:0:0: [sda] Write Protect is off
[    6.019629] sd 2:0:1:0: [sdb] Write Protect is off
[    6.062532] sd 2:0:1:0: [sdb] Incomplete mode parameter data
[    6.062538] sd 2:0:0:0: [sda] Incomplete mode parameter data
[    6.086618] sd 2:0:1:0: [sdb] Assuming drive cache: write through
[    6.118560] sd 2:0:0:0: [sda] Assuming drive cache: write through
[    6.204716] sd 2:0:1:0: [sdb] Attached SCSI disk
[    6.226306]  sda: sda1
[    6.228437] sd 2:0:0:0: [sda] Attached SCSI disk
Begin: Loading essential drivers ... [    7.656036] raid6: sse2x1   gen() 11794 MB/s
[    7.712021] raid6: sse2x1   xor()  8543 MB/s
[    7.760063] raid6: sse2x2   gen() 14776 MB/s
[    7.828057] raid6: sse2x2   xor() 10027 MB/s
[    7.880052] raid6: sse2x4   gen() 12691 MB/s
[    7.948020] raid6: sse2x4   xor()  9964 MB/s
[    8.004059] raid6: avx2x1   gen() 24327 MB/s
[    8.052022] raid6: avx2x1   xor() 16910 MB/s
[    8.104028] raid6: avx2x2   gen() 28565 MB/s
[    8.160068] raid6: avx2x2   xor() 18454 MB/s
[    8.218589] raid6: avx2x4   gen() 35635 MB/s
[    8.278524] raid6: avx2x4   xor() 21770 MB/s
[    8.286035] raid6: using algorithm avx2x4 gen() 35635 MB/s
[    8.289059] raid6: .... xor() 21770 MB/s, rmw enabled
[    8.299336] raid6: using avx2x2 recovery algorithm
[    8.303293] xor: automatically using best checksumming function   avx       
[    8.388187] async_tx: api initialized (async)
done.
Begin: Running /scripts/init-premount ... done.
Begin: Mounting root file system ... Begin: Running /scripts/local-top ... done.
Begin: Running /scripts/local-premount ... [    8.449316] Btrfs loaded, crc32c=crc32c-intel
Scanning for Btrfs filesystems
done.
Warning: [    8.491046] EXT4-fs (sda1): INFO: recovery required on readonly filesystem
fsck not present, so skipping root file system
[    8.666993] EXT4-fs (sda1): write access will be enabled during recovery
[    8.743623] EXT4-fs (sda1): recovery complete
[    8.784902] EXT4-fs (sda1): mounted filesystem with ordered data mode. Opts: (null)
done.
Begin: Running /scripts/local-bottom ... done.
Begin: Running /scripts/init-bottom ... done.
[    9.034800] ip_tables: (C) 2000-2006 Netfilter Core Team
[    9.048040] systemd[1]: systemd 237 running in system mode. (+PAM +AUDIT +SELINUX +IMA +APPARMOR +SMACK +SYSVINIT +UTMP +LIBCRYPTSETUP +GCRYPT +GNUTLS +ACL +XZ +LZ4 +SECCOMP +BLKID +ELFUTILS +KMOD -IDN2 +IDN -PCRE2 default-hierarchy=hybrid)
[   10.664181] systemd[1]: Detected virtualization oracle.
[   10.667230] systemd[1]: Detected architecture x86-64.

Welcome to [1mUbuntu 18.04.4 LTS[0m!

[   10.684173] systemd[1]: Set hostname to <ubuntu-bionic>.
[   11.232633] systemd[1]: Created slice User and Session Slice.
[[0;32m  OK  [0m] Created slice User and Session Slice.
[   11.693015] systemd[1]: Created slice System Slice.
[[0;32m  OK  [0m] Created slice System Slice.
[   11.712514] systemd[1]: Listening on Network Service Netlink Socket.
[[0;32m  OK  [0m] Listening on Network Service Netlink Socket.
[   11.966209] systemd[1]: Created slice system-serial\x2dgetty.slice.
[[0;32m  OK  [0m] Created slice system-serial\x2dgetty.slice.
[   12.005885] systemd[1]: Listening on /dev/initctl Compatibility Named Pipe.
[[0;32m  OK  [0m] Listening on /dev/initctl Compatibility Named Pipe.
[   12.052171] systemd[1]: Listening on udev Control Socket.
[[0;32m  OK  [0m] Listening on udev Control Socket.
[[0;32m  OK  [0m] Listening on LVM2 poll daemon socket.
[[0;32m  OK  [0m] Reached target Swap.
[[0;32m  OK  [0m] Set up automount Arbitrary Executabâ€¦rmats File System Automount Point.
[[0;32m  OK  [0m] Listening on udev Kernel Socket.
[[0;32m  OK  [0m] Listening on Journal Audit Socket.
[[0;32m  OK  [0m] Listening on Device-mapper event daemon FIFOs.
[[0;32m  OK  [0m] Listening on LVM2 metadata daemon socket.
[[0;32m  OK  [0m] Listening on Syslog Socket.
[[0;32m  OK  [0m] Listening on Journal Socket.
         Starting Load Kernel Modules...
         Mounting POSIX Message Queue File System...
         Starting Set the console keyboard layou[   12.370130] Loading iSCSI transport class v2.0-870.
t...
         Starting Monitoring of LVM2 mirrorsâ€¦ng dmevent[   12.380225] iscsi: registered transport (tcp)
d or progress polling...
         Mounting Huge Pages File System...
         Starting Remount Root and Kernel File Systems...
         Mounting Kernel Debug File System...
[[0;32m  OK  [0m] Reached target System Time Synchronized.
         Starting Create list of required stâ€¦ce nodes for the current kernel...
[[0;32m  OK  [0[   12.449793] iscsi: registered transport (iser)
m] Reached target Slices.
[[0;32m  OK  [0m] Reached target User and Group Name Lookups.
[[0;32m  OK  [0m] Listening on Journal Socket (/dev/log).
         Starting Journal Service...
         [   12.497853] EXT4-fs (sda1): re-mounted. Opts: (null)
Starting udev Coldplug all Devices...
         Starting Uncomplicated firewall...
[[0;32m  OK  [0m] Started Forward Password Requests to Wall Directory Watch.
[[0;32m  OK  [0m] Started Journal Service.
[[0;32m  OK  [0m] Started Load Kernel Modules.
[[0;32m  OK  [0m] Mounted POSIX Message Queue File System.
[[0;32m  OK  [0m] Started Set the console keyboard layout.
[[0;32m  OK  [0m] Mounted Huge Pages File System.
[[0;32m  OK  [0m] Started Remount Root and Kernel File Systems.
[[0;32m  OK  [0m] Mounted Kernel Debug File System.
[[0;32m  OK  [0m] Started Create list of required staâ€¦vice nodes for the current kernel.
[[0;32m  OK  [0m] Started Uncomplicated firewall.
[[0;32m  OK  [0m] [   12.650090] random: crng init done
[   12.652013] random: 7 urandom warning(s) missed due to ratelimiting
Started LVM2 metadata daemon.
         Starting Create Static Device Nodes in /dev...
         Starting Load/Save Random Seed...
         Starting Apply Kernel Variables...
         Mounting Kernel Configuration File System...
         Mounting FUSE Control File System...
         Starting Flush Journal to Persistent Storage...
[[0;32m  OK  [0m] Started Monitoring of LVM2 mirrors,â€¦sing dmeventd or progress polling.
[[0;32m  OK  [0m] Started udev Coldplug all Devices.
[[0;32m  OK  [0m] Started Create Static Device Nodes in /dev.
[[0;32m  OK  [0m] Started Load/Save Random Seed.
[[0;32m  OK  [0m] Started Apply Kernel Variables.
[[0;32m  OK  [0m] Mounted Kernel Configuration File System.
[[0;32m  OK  [0m] Mounted FUSE Control File System.
         Starting udev Kernel Device Manager...
[[0;32m  OK  [0m] Reached target Local File Systems (Pre).
[[0;32m  OK  [0m] Reached target Local File Systems.
         Starting ebtables ruleset management...
         Starting AppArmor initialization...
         Starting Set console font and keymap...
         Starting Tell Plymouth To Write Out Runtime Data...
[[0;32m  OK  [0m] Started udev Kernel Device Manager.
[[0;32m  OK  [0m] Started Set console font and keymap.
[[0;32m  OK  [0m] Started Tell Plymouth To Write Out Runtime Data.
[[0;32m  OK  [0m] Started Dispatch Password Requests to Console Directory Watch.
[[0;32m  OK  [0m] Reached target Local Encrypted Volumes.
[[0;32m  OK  [0m] Found device /dev/ttyS0.
[[0;32m  OK  [0m] Started ebtables ruleset management.
[[0;32m  OK  [0m] Started Flush Journal to Persistent Storage.
[[0;32m  OK  [0m] Listening on Load/Save RF Kill Switch Status /dev/rfkill Watch.
         Starting Create Volatile Files and Directories...
[[0;32m  OK  [0m] Started Create Volatile Files and Directories.
         Starting Update UTMP about System Boot/Shutdown...
[[0;32m  OK  [0m] Started Update UTMP about System Boot/Shutdown.
[[0;32m  OK  [0m] Started AppArmor initialization.
         Starting Initial cloud-init job (pre-networking)...
[   14.251747] cloud-init[553]: Cloud-init v. 19.4-33-gbb4131a2-0ubuntu1~18.04.1 running 'init-local' at Thu, 07 May 2020 09:24:19 +0000. Up 14.07 seconds.
[[0;32m  OK  [0m] Started Initial cloud-init job (pre-networking).
[[0;32m  OK  [0m] Reached target Network (Pre).
         Starting Network Service...
[[0;32m  OK  [0m] Started Network Service.
         Starting Wait for Network to be Configured...
         Starting Network Name Resolution...
[[0;32m  OK  [0m] Started Network Name Resolution.
[[0;32m  OK  [0m] Reached target Host and Network Name Lookups.
[[0;32m  OK  [0m] Reached target Network.
[[0;32m  OK  [0m] Started Wait for Network to be Configured.
         Starting Initial cloud-init job (metadata service crawler)...
[   16.673009] cloud-init[665]: Cloud-init v. 19.4-33-gbb4131a2-0ubuntu1~18.04.1 running 'init' at Thu, 07 May 2020 09:24:21 +0000. Up 16.51 seconds.
[   16.719816] cloud-init[665]: ci-info: ++++++++++++++++++++++++++++++++++++++Net device info++++++++++++++++++++++++++++++++++++++
[   16.760381] cloud-init[665]: ci-info: +--------+------+----------------------------+---------------+--------+-------------------+
[   16.817431] cloud-init[665]: ci-info: | Device |  Up  |          Address           |      Mask     | Scope  |     Hw-Address    |
[   16.852225] cloud-init[665]: ci-info: +--------+------+----------------------------+---------------+--------+-------------------+
[   16.870479] cloud-init[665]: ci-info: | enp0s3 | True |         10.0.2.15          | 255.255.255.0 | global | 02:2b:21:86:a5:be |
[[0;32m  OK  [0m] Started Initial cloud-init job (metadata service crawler).
[[0;32m  OK  [0m] Reached target Cloud-config availability.
[[0;32m  OK  [0m] Reached target Network is Online.
[   16.925912] cloud-init[665]: ci-info: | enp0s3 | True | fe80::2b:21ff:fe86:a5be/64 |       .       |  link  | 02:2b:21:86:a5:be |
[[0;32m  OK  [0m] Reached target Remote File Systems (Pre).
[   17.019056] [cloud-init[0;32m  OK  [0m[665]: ] ci-info: |   lo   | True |         127.0.0.1          |   255.0.0.0   |  host  |         .         |Reached target Remote File Systems.

         Starting Availability of block devices...
[   17.100976] [cloud-init[0;32m  OK  [0m[665]: ] ci-info: |   lo   | True |          ::1/128           |       .       |  host  |         .         |Reached target System Initialization.

[[0;32m  OK  [0m] Started Message of the Day.
[   17.193716] cloud-init         Starting LXD - unix socket.
[[0;32m  OK  [0m] Listening on ACPID Listen Socket.
[[0;32m  OK  [0m] Listening on Open-iSCSI iscsid Socket.
[[0;32m  OK  [0m] Started Daily apt upgrade and clean activities.
[[0;32m  OK  [0m] Started ACPI Events Check.
[665]: ci-info: +--------+------+----------------------------+---------------+--------+-------------------+
[[0;32m  OK  [0m] Started Daily Cleanup of Temporary Directories.
[   17.327692] [cloud-init[0;32m  OK  [0m[665]: ] ci-info: ++++++++++++++++++++++++++++Route IPv4 info+++++++++++++++++++++++++++++Started Discard unused blocks once a week.

[[0;32m  OK  [0m] Reached target Timers.
[   17.479651] [[0;32m  OK  [0m] Listening on D-Bus System Message Bus Socket.
[[0;32m  OK  [0m] Reached target Paths.
[[0;32m  OK  [0m] Listening on UUID daemon activation socket.
cloud-init[665]: ci-info: +-------+-------------+----------+-----------------+-----------+-------+
         Starting Socket activation for snappy daemon.
[   17.561796] [cloud-init[0;32m  OK  [0m[665]: ] ci-info: | Route | Destination | Gateway  |     Genmask     | Interface | Flags |Started Availability of block devices.

[[0;32m  OK  [0m] Listening on LXD - unix socket.
[[0;32m  OK  [0m] Listening on Socket activation for snappy daemon.
[[0;32m  OK  [0m] Reached target Sockets.
[[0;32m  OK  [0m] Reached target Basic System.
[   17.583406] cloud-init[665]: ci-info: +-------+-------------+----------+-----------------+-----------+-------+
[[0;32m  OK  [0m] Started FUSE filesystem for LXC.
[   17.684188] cloud-init         Starting LSB: automatic crash report generation...
         Starting Accounts Service...
[665]: ci-info: |   0   |   0.0.0.0   | 10.0.2.2 |     0.0.0.0     |   enp0s3  |   UG  |
[[0;32m  OK  [0m[   17.769654] cloud-init[665]: ci-info: |   1   |   10.0.2.0  | 0.0.0.0  |  255.255.255.0  |   enp0s3  |   U   |
[   17.771069] cloud-init[665]: ci-info: |   2   |   10.0.2.2  | 0.0.0.0  | 255.255.255.255 |   enp0s3  |   UH  |
] Started Regular background program processing daemon.
         [   17.816165] Starting Dispatcher daemon for systemd-networkd...cloud-init
[665]: ci-info: +-------+-------------+----------+-----------------+-----------+-------+
[   17.816711] cloud-init[665]: ci-info: +++++++++++++++++++Route IPv6 info+++++++++++++++++++
         [   17.924649] cloud-init[665]: ci-info: +-------+-------------+---------+-----------+-------+
[   17.926269] cloud-init[665]: ci-info: | Route | Destination | Gateway | Interface | Flags |
Starting Virtualbox guest utils...
[   17.927514] cloud-init[665]: ci-info: +-------+-------------+---------+-----------+-------+
         [   17.980189] cloud-init[665]: ci-info: |   1   |  fe80::/64  |    ::   |   enp0s3  |   U   |
[   17.981338] cloud-init[665]: ci-info: |   3   |    local    |    ::   |   enp0s3  |   U   |
Starting Permit User Sessions...
[   17.981822] cloud-init[665]: ci-info: |   4   |   ff00::/8  |    ::   |   enp0s3  |   U   |
[[0;32m  OK  [0m[   18.084242] ] cloud-initStarted irqbalance daemon.[665]: 
ci-info: +-------+-------------+---------+-----------+-------+
[[0;32m  OK  [0m] Started D-Bus System Message Bus.
         Starting LSB: Record successful boot for GRUB...
         Starting Snappy daemon...
         Starting Message of the Day...
         Starting Daily apt upgrade and clean activities...
[[0;32m  OK  [0m] Started Deferred execution scheduler.
         Starting Login Service...
         Starting OpenBSD Secure Shell server...
         Starting System Logging Service...
         Starting LXD - container startup/shutdown...
[[0;32m  OK  [0m] Started Dispatcher daemon for systemd-networkd.
[[0;32m  OK  [0m] Started Permit User Sessions.
[[0;32m  OK  [0m] Started System Logging Service.
[[0;32m  OK  [0m] Started OpenBSD Secure Shell server.
[[0;32m  OK  [0m] Started Login Service.
[[0;32m  OK  [0m] Started Unattended Upgrades Shutdown.
         Starting Authorization Manager...
         Starting Hold until boot process finishes up...
         Starting Terminate Plymouth Boot Screen...
[[0;32m  OK  [0m] Started Hold until boot process finishes up.
[[0;32m  OK  [0m] Started Terminate Plymouth Boot Screen.
         Starting Set console scheme...
[[0;32m  OK  [0m] Started Serial Getty on ttyS0.
[[0;32m  OK  [0m] Started LSB: Record successful boot for GRUB.
[[0;32m  OK  [0m] Started Authorization Manager.
[[0;32m  OK  [0m] Started Accounts Service.
[[0;32m  OK  [0m] Started LSB: automatic crash report generation.
[[0;32m  OK  [0m] Started Set console scheme.
[[0;32m  OK  [0m] Created slice system-getty.slice.
[[0;32m  OK  [0m] Started Getty on tty1.
[[0;32m  OK  [0m] Reached target Login Prompts.
[[0;32m  OK  [0m] Created slice User Slice of vagrant.
[[0;32m  OK  [0m] Started Virtualbox guest utils.
[[0;32m  OK  [0m] Started Session 1 of user vagrant.
         Starting User Manager for UID 1000...
[[0;32m  OK  [0m] Started LXD - container startup/shutdown.
[[0;32m  OK  [0m] Started Snappy daemon.
         Starting Wait until snapd is fully seeded...
[[0;32m  OK  [0m] Started User Manager for UID 1000.
[[0;32m  OK  [0m] Started Wait until snapd is fully seeded.
         Starting Apply the settings specified in cloud-config...
[[0;32m  OK  [0m] Reached target Multi-User System.
[[0;32m  OK  [0m] Reached target Graphical Interface.
         Starting Update UTMP about System Runlevel Changes...
[[0;32m  OK  [0m] Started Update UTMP about System Runlevel Changes.
[[0;32m  OK  [0m] Started Message of the Day.
[   20.222367] cloud-init[1252]: Cloud-init v. 19.4-33-gbb4131a2-0ubuntu1~18.04.1 running 'modules:config' at Thu, 07 May 2020 09:24:25 +0000. Up 20.06 seconds.
[[0;32m  OK  [0m] Started Apply the settings specified in cloud-config.
         Starting Execute cloud user/final scripts...
[   20.790788] cloud-init[1389]: Cloud-init v. 19.4-33-gbb4131a2-0ubuntu1~18.04.1 running 'modules:final' at Thu, 07 May 2020 09:24:26 +0000. Up 20.66 seconds.
[[0;32m  OK  [0m] Started Execute cloud user/final scripts.
[   20.864998] [cloud-init[0;32m  OK  [0m[1389]: Cloud-init v. 19.4-33-gbb4131a2-0ubuntu1~18.04.1 finished at Thu, 07 May 2020 09:24:26 +0000. Datasource DataSourceNoCloud [seed=/dev/sdb][dsmode=net].  Up 20.78 seconds] 
Reached target Cloud-init target.
         Stopping User Manager for UID 1000...
[[0;32m  OK  [0m] Stopped User Manager for UID 1000.
[[0;32m  OK  [0m] Removed slice User Slice of vagrant.
[[0;32m  OK  [0m] Started Daily apt upgrade and clean activities.

Ubuntu 18.04.4 LTS ubuntu-bionic ttyS0

ubuntu-bionic login: 